// Jest Snapshot v1, https://goo.gl/fbAQLP

exports[`Testing <GifItem /> should match snapshot 1`] = `
<div>
  <div
    class="card"
  >
    <img
      alt="Saitama"
      loading="lazy"
      src="https://one-punch.com/saitama.jpg"
    />
    <p>
      Saitama
    </p>
  </div>
</div>
`;
